VERS_4.1{
	global:
		seaudit_avc_message_*;
		seaudit_filter_*;
		seaudit_handle_msg;
		seaudit_log_*;
		seaudit_message_*;
		seaudit_model_*;
		seaudit_report_*;
		seaudit_sort_*;
		libseaudit_get_version;
	local: *;
};
VERS_4.2{
	global:
		seaudit_avc_message_get_port;
		seaudit_filter_get_anyaddr;
		seaudit_filter_set_anyaddr;
		seaudit_filter_get_anyport;
		seaudit_filter_set_anyport;
		seaudit_filter_get_permission;
		seaudit_filter_set_permission;
		seaudit_filter_get_inode;
		seaudit_filter_set_inode;
		seaudit_filter_get_laddr;
		seaudit_fliter_set_laddr;
		seaudit_filter_get_lport;
		seaudit_filter_set_lport;
		seaudit_filter_get_faddr;
		seaudit_fliter_set_faddr;
		seaudit_filter_get_fport;
		seaudit_filter_set_fport;
		seaudit_filter_get_saddr;
		seaudit_fliter_set_saddr;
		seaudit_filter_get_sport;
		seaudit_filter_set_sport;
		seaudit_filter_get_daddr;
		seaudit_fliter_set_daddr;
		seaudit_filter_get_dport;
		seaudit_filter_set_dport;
		seaudit_filter_get_port;
		seaudit_filter_set_port;
		seaudit_filter_get_key;
		seaudit_filter_set_key;
		seaudit_filter_get_cap;
		seaudit_filter_set_cap;
		seaudit_log_clear;
		seaudit_model_hide_message;
		seaudit_sort_by_cap;
		seaudit_sort_by_daddr;
		seaudit_sort_by_dport;
		seaudit_sort_by_faddr;
		seaudit_sort_by_fport;
		seaudit_sort_by_key;
		seaudit_sort_by_laddr;
		seaudit_sort_by_lport;
		seaudit_sort_by_port;
		seaudit_sort_by_saddr;
		seaudit_sort_by_sport;
		seaudit_sort_create_from_sort;
} VERS_4.1;